Archive member included to satisfy reference by file (symbol)

/home/vijay/Hurricane/Hurricane/Software/Firmware/IM/Yocto/Build_Imx6/tmp/sysroots/imx6qsabresd/usr/lib/arm-poky-linux-gnueabi/5.2.0/libgcc.a(_udivsi3.o)
                              arch/arm/cpu/armv7/built-in.o (__aeabi_uidiv)
/home/vijay/Hurricane/Hurricane/Software/Firmware/IM/Yocto/Build_Imx6/tmp/sysroots/imx6qsabresd/usr/lib/arm-poky-linux-gnueabi/5.2.0/libgcc.a(_divsi3.o)
                              common/built-in.o (__aeabi_idiv)
/home/vijay/Hurricane/Hurricane/Software/Firmware/IM/Yocto/Build_Imx6/tmp/sysroots/imx6qsabresd/usr/lib/arm-poky-linux-gnueabi/5.2.0/libgcc.a(_lshrdi3.o)
                              fs/built-in.o (__aeabi_llsr)
/home/vijay/Hurricane/Hurricane/Software/Firmware/IM/Yocto/Build_Imx6/tmp/sysroots/imx6qsabresd/usr/lib/arm-poky-linux-gnueabi/5.2.0/libgcc.a(_ashldi3.o)
                              drivers/mmc/built-in.o (__aeabi_llsl)
/home/vijay/Hurricane/Hurricane/Software/Firmware/IM/Yocto/Build_Imx6/tmp/sysroots/imx6qsabresd/usr/lib/arm-poky-linux-gnueabi/5.2.0/libgcc.a(_dvmd_lnx.o)
                              /home/vijay/Hurricane/Hurricane/Software/Firmware/IM/Yocto/Build_Imx6/tmp/sysroots/imx6qsabresd/usr/lib/arm-poky-linux-gnueabi/5.2.0/libgcc.a(_udivsi3.o) (__aeabi_idiv0)

Discarded input sections

 .data          0x0000000000000000        0x0 arch/arm/cpu/armv7/start.o
 .bss           0x0000000000000000        0x0 arch/arm/cpu/armv7/start.o
 .text.v7_outer_cache_enable
                0x0000000000000000        0x4 arch/arm/cpu/armv7/built-in.o
 .text.v7_outer_cache_disable
                0x0000000000000000        0x4 arch/arm/cpu/armv7/built-in.o
 .text.v7_outer_cache_flush_all
                0x0000000000000000        0x4 arch/arm/cpu/armv7/built-in.o
 .text.v7_outer_cache_inval_all
                0x0000000000000000        0x4 arch/arm/cpu/armv7/built-in.o
 .text.v7_outer_cache_flush_range
                0x0000000000000000        0x4 arch/arm/cpu/armv7/built-in.o
 .text.v7_outer_cache_inval_range
                0x0000000000000000        0x4 arch/arm/cpu/armv7/built-in.o
 .text.v7_arch_cp15_set_l2aux_ctrl
                0x0000000000000000        0x8 arch/arm/cpu/armv7/built-in.o
 .text.v7_arch_cp15_set_acr
                0x0000000000000000        0x8 arch/arm/cpu/armv7/built-in.o
 .text.sdelay   0x0000000000000000        0xc arch/arm/cpu/armv7/built-in.o
 .text.wait_on_value
                0x0000000000000000       0x34 arch/arm/cpu/armv7/built-in.o
 .text.enable_enet_clk
                0x0000000000000000       0x48 arch/arm/cpu/armv7/built-in.o
 .text.enable_uart_clk
                0x0000000000000000       0x4c arch/arm/cpu/armv7/built-in.o
 .text.enable_usdhc_clk
                0x0000000000000000       0x4c arch/arm/cpu/armv7/built-in.o
 .text.enable_spi_clk
                0x0000000000000000       0x44 arch/arm/cpu/armv7/built-in.o
 .text.enable_fec_anatop_clock
                0x0000000000000000       0xe4 arch/arm/cpu/armv7/built-in.o
 .data          0x0000000000000000        0x0 arch/arm/cpu/armv7/built-in.o
 .bss           0x0000000000000000        0x0 arch/arm/cpu/armv7/built-in.o
 .text          0x0000000000000000        0x0 arch/arm/imx-common/built-in.o
 .text.get_imx_reset_cause
                0x0000000000000000       0x10 arch/arm/imx-common/built-in.o
 .text.set_chipselect_size
                0x0000000000000000       0x84 arch/arm/imx-common/built-in.o
 .text.mxs_wait_mask_set
                0x0000000000000000       0x3c arch/arm/imx-common/built-in.o
 .text.mxs_wait_mask_clr
                0x0000000000000000       0x3c arch/arm/imx-common/built-in.o
 .text.mxs_reset_block
                0x0000000000000000       0x90 arch/arm/imx-common/built-in.o
 .data          0x0000000000000000        0x0 arch/arm/imx-common/built-in.o
 .bss           0x0000000000000000        0x0 arch/arm/imx-common/built-in.o
 .text.enable_caches
                0x0000000000000000        0xc arch/arm/lib/built-in.o
 .text.invalidate_dcache_range
                0x0000000000000000        0x4 arch/arm/lib/built-in.o
 .text.flush_dcache_range
                0x0000000000000000        0x4 arch/arm/lib/built-in.o
 .text.flush_dcache_all
                0x0000000000000000        0xc arch/arm/lib/built-in.o
 .text.arm_init_before_mmu
                0x0000000000000000        0x4 arch/arm/lib/built-in.o
 .text.mmu_page_table_flush
                0x0000000000000000        0x4 arch/arm/lib/built-in.o
 .rodata.pl310  0x0000000000000000        0x4 arch/arm/lib/built-in.o
 .data          0x0000000000000000        0x0 arch/arm/lib/built-in.o
 .__secure_start
                0x0000000000000000        0x0 arch/arm/lib/built-in.o
 .__secure_end  0x0000000000000000        0x0 arch/arm/lib/built-in.o
 .bss           0x0000000000000000        0x0 arch/arm/lib/built-in.o
 .text          0x0000000000000000        0x0 board/freescale/common/built-in.o
[...]
Memory Configuration

Name             Origin             Length             Attributes
*default*        0x0000000000000000 0xffffffffffffffff

Linker script and memory map

Address of section .text set to 0x17800000
                0x0000000000000000                . = 0x0
                0x0000000000000000                . = ALIGN (0x4)

.text           0x0000000017800000    0x49a3c
 *(.__image_copy_start)
 .__image_copy_start
                0x0000000017800000        0x0 arch/arm/lib/built-in.o
                0x0000000017800000                __image_copy_start
 *(.vectors)
 .vectors       0x0000000017800000      0x300 arch/arm/lib/built-in.o
                0x0000000017800000                _start
                0x0000000017800020                _undefined_instruction
                0x0000000017800024                _software_interrupt
                0x0000000017800028                _prefetch_abort
                0x000000001780002c                _data_abort
                0x0000000017800030                _not_used
                0x0000000017800034                _irq
                0x0000000017800038                _fiq
                0x0000000017800040                IRQ_STACK_START_IN
 arch/arm/cpu/armv7/start.o(.text*)
 .text          0x0000000017800300       0xe0 arch/arm/cpu/armv7/start.o
                0x0000000017800300                reset
                0x0000000017800304                save_boot_params_ret
                0x0000000017800340                c_runtime_cpu_setup
                0x0000000017800350                save_boot_params
                0x0000000017800354                cpu_init_cp15
                0x00000000178003d8                cpu_init_crit
 *(.text*)
 .text          0x00000000178003e0       0x24 arch/arm/cpu/armv7/built-in.o
                0x00000000178003e0                lowlevel_init
 .text.v7_maint_dcache_all
                0x0000000017800404       0xd0 arch/arm/cpu/armv7/built-in.o
 .text.invalidate_icache_all
                0x00000000178004d4       0x18 arch/arm/cpu/armv7/built-in.o
                0x00000000178004d4                invalidate_icache_all
 .text.flush_dcache_all
                0x00000000178004ec       0x14 arch/arm/cpu/armv7/built-in.o
                0x00000000178004ec                flush_dcache_all
 .text.invalidate_dcache_all
                0x0000000017800500       0x14 arch/arm/cpu/armv7/built-in.o
                0x0000000017800500                invalidate_dcache_all
 .text.arm_init_before_mmu
                0x0000000017800514       0x28 arch/arm/cpu/armv7/built-in.o
                0x0000000017800514                arm_init_before_mmu
 .text.flush_dcache_range
                0x000000001780053c       0x38 arch/arm/cpu/armv7/built-in.o
                0x000000001780053c                flush_dcache_range
 .text.mmu_page_table_flush
                0x0000000017800574       0x24 arch/arm/cpu/armv7/built-in.o
                0x0000000017800574                mmu_page_table_flush
 .text.invalidate_dcache_range
                0x0000000017800598       0xa8 arch/arm/cpu/armv7/built-in.o
                0x0000000017800598                invalidate_dcache_range
 .text.cpu_cache_initialization
                0x0000000017800640        0x4 arch/arm/cpu/armv7/built-in.o
                0x0000000017800640                cpu_cache_initialization
 .text.cleanup_before_linux_select
                0x0000000017800644       0x4c arch/arm/cpu/armv7/built-in.o
                0x0000000017800644                cleanup_before_linux_select
 .text.cleanup_before_linux
                0x0000000017800690        0x8 arch/arm/cpu/armv7/built-in.o
                0x0000000017800690                cleanup_before_linux
 .text.get_nr_cpus
                0x0000000017800698       0x10 arch/arm/cpu/armv7/built-in.o
                0x0000000017800698                get_nr_cpus
 .text.get_cpu_rev
                0x00000000178006a8       0x90 arch/arm/cpu/armv7/built-in.o
                0x00000000178006a8                get_cpu_rev
 .text.get_cpu_speed_grade_hz
                0x0000000017800738       0xa0 arch/arm/cpu/armv7/built-in.o
                0x0000000017800738                get_cpu_speed_grade_hz
 .text.get_cpu_temp_grade
                0x00000000178007d8       0x68 arch/arm/cpu/armv7/built-in.o
                0x00000000178007d8                get_cpu_temp_grade
 .text.get_board_rev
                0x0000000017800840       0x30 arch/arm/cpu/armv7/built-in.o
                0x0000000017800840                get_board_rev
 .text.arch_cpu_init
                0x0000000017800870       0x94 arch/arm/cpu/armv7/built-in.o
                0x0000000017800870                arch_cpu_init
 .text.board_postclk_init
                0x0000000017800904       0x58 arch/arm/cpu/armv7/built-in.o
                0x0000000017800904                board_postclk_init
 .text.imx_get_mac_from_fuse
                0x000000001780095c       0x3c arch/arm/cpu/armv7/built-in.o
                0x000000001780095c                imx_get_mac_from_fuse
 .text.s_init   0x0000000017800998       0x88 arch/arm/cpu/armv7/built-in.o
                0x0000000017800998                s_init
 .text.imx_enable_hdmi_phy
                0x0000000017800a20       0x4c arch/arm/cpu/armv7/built-in.o
                0x0000000017800a20                imx_enable_hdmi_phy
 .text.imx_setup_hdmi
                0x0000000017800a6c       0x38 arch/arm/cpu/armv7/built-in.o
                0x0000000017800a6c                imx_setup_hdmi
 .text.get_ipg_clk
                0x0000000017800aa4       0x28 arch/arm/cpu/armv7/built-in.o
 .text.get_uart_clk
                0x0000000017800acc       0xb8 arch/arm/cpu/armv7/built-in.o
 .text.mxc_get_pll_pfd
                0x0000000017800b84       0xbc arch/arm/cpu/armv7/built-in.o
 .text.get_usdhc_clk
                0x0000000017800c40       0x8c arch/arm/cpu/armv7/built-in.o
 .text.enable_ocotp_clk
                0x0000000017800ccc       0x24 arch/arm/cpu/armv7/built-in.o
                0x0000000017800ccc                enable_ocotp_clk
 .text.enable_usboh3_clk
                0x0000000017800cf0       0x24 arch/arm/cpu/armv7/built-in.o
                0x0000000017800cf0                enable_usboh3_clk
 .text.enable_i2c_clk
                0x0000000017800d14       0xa8 arch/arm/cpu/armv7/built-in.o
                0x0000000017800d14                enable_i2c_clk
 .text.get_periph_clk
                0x0000000017800dbc       0xdc arch/arm/cpu/armv7/built-in.o
                0x0000000017800dbc                get_periph_clk
 .text.get_axi_clk
                0x0000000017800e98       0x4c arch/arm/cpu/armv7/built-in.o
 .text.imx_get_uartclk
                0x0000000017800ee4        0x4 arch/arm/cpu/armv7/built-in.o
                0x0000000017800ee4                imx_get_uartclk
 .text.enable_pcie_clock
                0x0000000017800ee8       0xb8 arch/arm/cpu/armv7/built-in.o
                0x0000000017800ee8                enable_pcie_clock
 .text.enable_thermal_clk
                0x0000000017800fa0       0x48 arch/arm/cpu/armv7/built-in.o
                0x0000000017800fa0                enable_thermal_clk
 .text.mxc_get_clock
                0x0000000017800fe8      0x3b8 arch/arm/cpu/armv7/built-in.o
                0x0000000017800fe8                mxc_get_clock
 .text.imx_get_fecclk
                0x00000000178013a0        0x8 arch/arm/cpu/armv7/built-in.o
                0x00000000178013a0                imx_get_fecclk
 .text.do_mx6_showclocks
                0x00000000178013a8      0x24c arch/arm/cpu/armv7/built-in.o
                0x00000000178013a8                do_mx6_showclocks
 .text.enable_ipu_clock
                0x00000000178015f4       0x58 arch/arm/cpu/armv7/built-in.o
                0x00000000178015f4                enable_ipu_clock
 .text.cpu_reset
                0x000000001780164c       0x28 arch/arm/cpu/armv7/built-in.o
                0x000000001780164c                cpu_reset
 .text.cpu_status
                0x0000000017801674       0x40 arch/arm/cpu/armv7/built-in.o
                0x0000000017801674                cpu_status
 .text.cpu_release
                0x00000000178016b4       0x84 arch/arm/cpu/armv7/built-in.o
                0x00000000178016b4                cpu_release
 .text.is_core_valid
                0x0000000017801738       0x1c arch/arm/cpu/armv7/built-in.o
                0x0000000017801738                is_core_valid
 .text.cpu_disable
                0x0000000017801754       0x28 arch/arm/cpu/armv7/built-in.o
                0x0000000017801754                cpu_disable
 .text.imx_iomux_v3_setup_pad
                0x000000001780177c       0xd0 arch/arm/imx-common/built-in.o
                0x000000001780177c                imx_iomux_v3_setup_pad
 .text.imx_iomux_v3_setup_multiple_pads
                0x000000001780184c       0x2c arch/arm/imx-common/built-in.o
                0x000000001780184c                imx_iomux_v3_setup_multiple_pads
 .text.imx_iomux_set_gpr_register
                0x0000000017801878       0x3c arch/arm/imx-common/built-in.o
                0x0000000017801878                imx_iomux_set_gpr_register
 .text.timer_init
                0x00000000178018b4      0x128 arch/arm/imx-common/built-in.o
                0x00000000178018b4                timer_init
 .text.timer_read_counter
                0x00000000178019dc       0x10 arch/arm/imx-common/built-in.o
                0x00000000178019dc                timer_read_counter
 .text.get_tbclk
                0x00000000178019ec       0x90 arch/arm/imx-common/built-in.o
                0x00000000178019ec                get_tbclk
 .text.imx_ddr_size
                0x0000000017801a7c       0x64 arch/arm/imx-common/built-in.o
                0x0000000017801a7c                imx_ddr_size
 .text.get_imx_type
                0x0000000017801ae0       0x20 arch/arm/imx-common/built-in.o
                0x0000000017801ae0                get_imx_type
 .text.print_cpuinfo
                0x0000000017801b00      0x228 arch/arm/imx-common/built-in.o
                0x0000000017801b00                print_cpuinfo
 .text.cpu_eth_init
                0x0000000017801d28        0x4 arch/arm/imx-common/built-in.o
                0x0000000017801d28                cpu_eth_init
 .text.cpu_mmc_init
                0x0000000017801d2c        0x4 arch/arm/imx-common/built-in.o
                0x0000000017801d2c                cpu_mmc_init
 .text.get_ahb_clk
                0x0000000017801d30       0x24 arch/arm/imx-common/built-in.o
                0x0000000017801d30                get_ahb_clk
 .text.arch_preboot_os
                0x0000000017801d54        0x4 arch/arm/imx-common/built-in.o
                0x0000000017801d54                arch_preboot_os
 .text.get_clocks
                0x0000000017801d58       0x1c arch/arm/imx-common/built-in.o
                0x0000000017801d58                get_clocks
 .text.force_idle_bus
                0x0000000017801d74      0x124 arch/arm/imx-common/built-in.o
                0x0000000017801d74                force_idle_bus
 .text.setup_i2c
                0x0000000017801e98       0xdc arch/arm/imx-common/built-in.o
                0x0000000017801e98                setup_i2c
 .text.enable_caches
                0x0000000017801f74       0x34 arch/arm/imx-common/built-in.o
                0x0000000017801f74                enable_caches
 .text.v7_outer_cache_enable
                0x0000000017801fa8       0x54 arch/arm/imx-common/built-in.o
                0x0000000017801fa8                v7_outer_cache_enable
 .text.v7_outer_cache_disable
                0x0000000017801ffc       0x18 arch/arm/imx-common/built-in.o
                0x0000000017801ffc                v7_outer_cache_disable
 .text.init_aips
                0x0000000017802014       0xb0 arch/arm/imx-common/built-in.o
                0x0000000017802014                init_aips
 .text.imx_set_wdog_powerdown
                0x00000000178020c4       0x80 arch/arm/imx-common/built-in.o
                0x00000000178020c4                imx_set_wdog_powerdown
 .text.init_src
                0x0000000017802144       0x18 arch/arm/imx-common/built-in.o
                0x0000000017802144                init_src
 .text.boot_mode_apply
                0x000000001780215c       0x24 arch/arm/imx-common/built-in.o
                0x000000001780215c                boot_mode_apply
 .text.board_video_skip
                0x0000000017802180      0x16c arch/arm/imx-common/built-in.o
                0x0000000017802180                board_video_skip
 .text.detect_hdmi
                0x00000000178022ec       0x18 arch/arm/imx-common/built-in.o
                0x00000000178022ec                detect_hdmi
 .text.create_usage
                0x0000000017802304       0xac arch/arm/imx-common/built-in.o
 .text.do_boot_mode
                0x00000000178023b0       0xd4 arch/arm/imx-common/built-in.o
 .text.add_board_boot_modes
                0x0000000017802484       0x60 arch/arm/imx-common/built-in.o
                0x0000000017802484                add_board_boot_modes
 .text          0x00000000178024e4       0xa8 arch/arm/lib/built-in.o
                0x00000000178024e4                _main
 .text.relocate_vectors
                0x000000001780258c       0x70 arch/arm/lib/built-in.o
                0x000000001780258c                relocate_vectors
                0x0000000017802598                relocate_code
 .text.arch_fixup_fdt
                0x00000000178025fc       0x38 arch/arm/lib/built-in.o
                0x00000000178025fc                arch_fixup_fdt
 .text.boot_jump_linux
                0x0000000017802634       0xb8 arch/arm/lib/built-in.o
 .text.arch_lmb_reserve
                0x00000000178026ec       0x24 arch/arm/lib/built-in.o
                0x00000000178026ec                arch_lmb_reserve
 .text.setup_board_tags
                0x0000000017802710        0x4 arch/arm/lib/built-in.o
                0x0000000017802710                setup_board_tags
 .text.boot_prep_linux
                0x0000000017802714      0x190 arch/arm/lib/built-in.o
 .text.do_bootm_linux
                0x00000000178028a4       0x64 arch/arm/lib/built-in.o
                0x00000000178028a4                do_bootm_linux
 .text.bootz_setup
                0x0000000017802908       0x58 arch/arm/lib/built-in.o
                0x0000000017802908                bootz_setup
 .text.boot_prep_vxworks
                0x0000000017802960       0x50 arch/arm/lib/built-in.o
                0x0000000017802960                boot_prep_vxworks
 .text.boot_jump_vxworks
                0x00000000178029b0        0xc arch/arm/lib/built-in.o
                0x00000000178029b0                boot_jump_vxworks
 .text.pl310_background_op_all_ways
                0x00000000178029bc       0x38 arch/arm/lib/built-in.o
 .text.v7_outer_cache_inval_all
                0x00000000178029f4        0xc arch/arm/lib/built-in.o
                0x00000000178029f4                v7_outer_cache_inval_all
 .text.v7_outer_cache_flush_all
                0x0000000017802a00        0xc arch/arm/lib/built-in.o
                0x0000000017802a00                v7_outer_cache_flush_all
 .text.v7_outer_cache_flush_range
                0x0000000017802a0c       0x30 arch/arm/lib/built-in.o
                0x0000000017802a0c                v7_outer_cache_flush_range
 .text.v7_outer_cache_inval_range
                0x0000000017802a3c       0x80 arch/arm/lib/built-in.o
                0x0000000017802a3c                v7_outer_cache_inval_range
 .text.arch_reserve_stacks
                0x0000000017802abc       0x1c arch/arm/lib/built-in.o
                0x0000000017802abc                arch_reserve_stacks
 .text.interrupt_init
                0x0000000017802ad8       0x1c arch/arm/lib/built-in.o
                0x0000000017802ad8                interrupt_init
 .text.enable_interrupts
                0x0000000017802af4        0x4 arch/arm/lib/built-in.o
                0x0000000017802af4                enable_interrupts
 .text.disable_interrupts
                0x0000000017802af8        0x8 arch/arm/lib/built-in.o
                0x0000000017802af8                disable_interrupts
 .text.bad_mode
                0x0000000017802b00       0x10 arch/arm/lib/built-in.o
                0x0000000017802b00                bad_mode
 .text.show_regs
                0x0000000017802b10      0x174 arch/arm/lib/built-in.o
                0x0000000017802b10                show_regs
 .text.do_undefined_instruction
                0x0000000017802c84       0x20 arch/arm/lib/built-in.o
                0x0000000017802c84                do_undefined_instruction
 .text.do_software_interrupt
                0x0000000017802ca4       0x20 arch/arm/lib/built-in.o
                0x0000000017802ca4                do_software_interrupt
 .text.do_prefetch_abort
                0x0000000017802cc4       0x20 arch/arm/lib/built-in.o
                0x0000000017802cc4                do_prefetch_abort
 .text.do_data_abort
                0x0000000017802ce4       0x20 arch/arm/lib/built-in.o
                0x0000000017802ce4                do_data_abort
 .text.do_not_used
                0x0000000017802d04       0x20 arch/arm/lib/built-in.o
                0x0000000017802d04                do_not_used
 .text.do_fiq   0x0000000017802d24       0x20 arch/arm/lib/built-in.o
                0x0000000017802d24                do_fiq
 .text.do_irq   0x0000000017802d44       0x20 arch/arm/lib/built-in.o
                0x0000000017802d44                do_irq
 .text.reset_misc
                0x0000000017802d64        0x4 arch/arm/lib/built-in.o
                0x0000000017802d64                reset_misc
 .text.do_reset
                0x0000000017802d68       0x30 arch/arm/lib/built-in.o
                0x0000000017802d68                do_reset
 .text.flush_cache
                0x0000000017802d98        0x8 arch/arm/lib/built-in.o
                0x0000000017802d98                flush_cache
 .text.cp_delay
                0x0000000017802da0       0x30 arch/arm/lib/built-in.o
 .text.arm_init_domains
                0x0000000017802dd0        0x4 arch/arm/lib/built-in.o
                0x0000000017802dd0                arm_init_domains
 .text.set_section_dcache
                0x0000000017802dd4       0x14 arch/arm/lib/built-in.o
                0x0000000017802dd4                set_section_dcache
 .text.mmu_set_region_dcache_behaviour
                0x0000000017802de8       0x4c arch/arm/lib/built-in.o
                0x0000000017802de8                mmu_set_region_dcache_behaviour
 .text.dram_bank_mmu_setup
                0x0000000017802e34       0x44 arch/arm/lib/built-in.o
                0x0000000017802e34                dram_bank_mmu_setup
 .text.icache_enable
                0x0000000017802e78       0x18 arch/arm/lib/built-in.o
                0x0000000017802e78                icache_enable
 .text.icache_disable
                0x0000000017802e90       0x20 arch/arm/lib/built-in.o
                0x0000000017802e90                icache_disable
 .text.icache_status
                0x0000000017802eb0        0xc arch/arm/lib/built-in.o
                0x0000000017802eb0                icache_status
 .text.dcache_enable
                0x0000000017802ebc       0x70 arch/arm/lib/built-in.o
                0x0000000017802ebc                dcache_enable
 .text.dcache_disable
                0x0000000017802f2c       0x2c arch/arm/lib/built-in.o
                0x0000000017802f2c                dcache_disable
 .text.dcache_status
                0x0000000017802f58        0xc arch/arm/lib/built-in.o
                0x0000000017802f58                dcache_status
 .text.pfuze_mode_init
                0x0000000017802f64       0xa0 board/freescale/common/built-in.o
                0x0000000017802f64                pfuze_mode_init
 .text.pfuze_common_init
                0x0000000017803004      0x10c board/freescale/common/built-in.o
                0x0000000017803004                pfuze_common_init
 .text.enable_lvds
                0x0000000017803110       0x14 board/freescale/mx6sabresd/built-in.o
 .text.enable_rgb
                0x0000000017803124       0x24 board/freescale/mx6sabresd/built-in.o
 .text.do_enable_hdmi
                0x0000000017803148       0x18 board/freescale/mx6sabresd/built-in.o
 .text.dram_init
                0x0000000017803160       0x18 board/freescale/mx6sabresd/built-in.o
                0x0000000017803160                dram_init
 .text.board_mmc_getcd
                0x0000000017803178       0x60 board/freescale/mx6sabresd/built-in.o
                0x0000000017803178                board_mmc_getcd
 .text.board_mmc_init
                0x00000000178031d8       0xb8 board/freescale/mx6sabresd/built-in.o
                0x00000000178031d8                board_mmc_init
 .text.mx6_rgmii_rework
                0x0000000017803290      0x110 board/freescale/mx6sabresd/built-in.o
                0x0000000017803290                mx6_rgmii_rework
 .text.board_phy_config
                0x00000000178033a0       0x2c board/freescale/mx6sabresd/built-in.o
                0x00000000178033a0                board_phy_config
 .text.overwrite_console
                0x00000000178033cc        0x8 board/freescale/mx6sabresd/built-in.o
                0x00000000178033cc                overwrite_console
 .text.board_eth_init
                0x00000000178033d4       0x54 board/freescale/mx6sabresd/built-in.o
                0x00000000178033d4                board_eth_init
 .text.board_ehci_hcd_init
                0x0000000017803428       0x28 board/freescale/mx6sabresd/built-in.o
                0x0000000017803428                board_ehci_hcd_init
 .text.board_ehci_power
                0x0000000017803450       0x48 board/freescale/mx6sabresd/built-in.o
                0x0000000017803450                board_ehci_power
 .text.board_early_init_f
                0x0000000017803498       0xcc board/freescale/mx6sabresd/built-in.o
                0x0000000017803498                board_early_init_f
 .text.board_init
                0x0000000017803564       0xc0 board/freescale/mx6sabresd/built-in.o
                0x0000000017803564                board_init
 .text.power_init_board
                0x0000000017803624       0x8c board/freescale/mx6sabresd/built-in.o
                0x0000000017803624                power_init_board
 .text.board_spi_cs_gpio
                0x00000000178036b0       0x10 board/freescale/mx6sabresd/built-in.o
                0x00000000178036b0                board_spi_cs_gpio
 .text.board_late_init
                0x00000000178036c0       0xbc board/freescale/mx6sabresd/built-in.o
                0x00000000178036c0                board_late_init
 .text.checkboard
                0x000000001780377c       0x18 board/freescale/mx6sabresd/built-in.o
                0x000000001780377c                checkboard
 .text.show_boot_progress
                0x0000000017803794        0x4 common/built-in.o
                0x0000000017803794                show_boot_progress
 .text.main_loop
                0x0000000017803798       0x20 common/built-in.o
                0x0000000017803798                main_loop
 .text.dummy    0x00000000178037b8        0x4 common/built-in.o
 .text.get_version
                0x00000000178037bc        0x8 common/built-in.o
                0x00000000178037bc                get_version
 .text.jumptable_init
                0x00000000178037c4      0x1e0 common/built-in.o
                0x00000000178037c4                jumptable_init
 .text.hash_finish_crc32
                0x00000000178039a4       0x30 common/built-in.o
 .text.hash_update_crc32
                0x00000000178039d4       0x24 common/built-in.o
 .text.hash_init_crc32
                0x00000000178039f8       0x24 common/built-in.o
 .text.hash_lookup_algo
                0x0000000017803a1c       0x28 common/built-in.o
                0x0000000017803a1c                hash_lookup_algo
 .text.hash_command
                0x0000000017803a44       0xb4 common/built-in.o
                0x0000000017803a44                hash_command
 .text.b_reset  0x0000000017803af8       0x1c common/built-in.o
 .text.static_get
                0x0000000017803b14       0x1c common/built-in.o
 .text.file_peek
                0x0000000017803b30        0xc common/built-in.o
 .text.mapset   0x0000000017803b3c       0x20 common/built-in.o
 .text.syntax_err
                0x0000000017803b5c        0xc common/built-in.o
 .text.free_pipe_list
                0x0000000017803b68       0xf4 common/built-in.o
 .text.xmalloc  0x0000000017803c5c       0x20 common/built-in.o
 .text.new_pipe
                0x0000000017803c7c       0x28 common/built-in.o
 .text.xrealloc
                0x0000000017803ca4       0x20 common/built-in.o
 .text.done_command
                0x0000000017803cc4       0x88 common/built-in.o
 .text.done_pipe
                0x0000000017803d4c       0x48 common/built-in.o
 .text.done_word
                0x0000000017803d94      0x2d8 common/built-in.o
 .text.do_showvar
                0x000000001780406c       0xf4 common/built-in.o
 .text.is_assignment
                0x0000000017804160       0x5c common/built-in.o
 .text.file_get
                0x00000000178041bc      0x1ec common/built-in.o
 .text.b_addchr
                0x00000000178043a8       0x80 common/built-in.o
 .text.b_addqchr
                0x0000000017804428       0x50 common/built-in.o
 .text.static_peek
                0x0000000017804478        0xc common/built-in.o
 .text.get_local_var
                0x0000000017804484       0xa0 common/built-in.o
                0x0000000017804484                get_local_var
 .text.set_local_var
                0x0000000017804524      0x1ac common/built-in.o
                0x0000000017804524                set_local_var
 .text.insert_var_value_sub
                0x00000000178046d0      0x2c0 common/built-in.o
 .text.parse_string_outer
                0x0000000017804990       0xe4 common/built-in.o
                0x0000000017804990                parse_string_outer
 .text.run_list_real
                0x0000000017804a74      0x7b8 common/built-in.o
 .text.parse_stream_outer
                0x000000001780522c      0x6d0 common/built-in.o
 .text.parse_file_outer
                0x00000000178058fc       0x44 common/built-in.o
                0x00000000178058fc                parse_file_outer
 .text.u_boot_hush_start
                0x0000000017805940       0x54 common/built-in.o
                0x0000000017805940                u_boot_hush_start
 .text.bootdelay_process
                0x0000000017805994       0x50 common/built-in.o
                0x0000000017805994                bootdelay_process
 .text.autoboot_command
                0x00000000178059e4       0xd0 common/built-in.o
                0x00000000178059e4                autoboot_command
 .text.setup_mon_len
                0x0000000017805ab4       0x20 common/built-in.o
 .text.reserve_round_4k
                0x0000000017805ad4       0x18 common/built-in.o
 .text.reserve_mmu
                0x0000000017805aec       0x38 common/built-in.o
 .text.reserve_uboot
                0x0000000017805b24       0x30 common/built-in.o
 .text.reserve_malloc
                0x0000000017805b54       0x18 common/built-in.o
 .text.setup_machine
                0x0000000017805b6c       0x14 common/built-in.o
 .text.reserve_global_data
                0x0000000017805b80       0x1c common/built-in.o
 .text.reserve_fdt
                0x0000000017805b9c       0x4c common/built-in.o
 .text.display_new_sp
                0x0000000017805be8        0x8 common/built-in.o
 .text.arch_cpu_init_dm
                0x0000000017805bf0        0x8 common/built-in.o
                0x0000000017805bf0                arch_cpu_init_dm
 .text.announce_dram_init
                0x0000000017805bf8       0x18 common/built-in.o
 .text.init_func_i2c
                0x0000000017805c10       0x28 common/built-in.o
 .text.init_baud_rate
                0x0000000017805c38       0x2c common/built-in.o
 .text.initf_dm
                0x0000000017805c64        0x8 common/built-in.o
 .text.mark_bootstage
                0x0000000017805c6c       0x14 common/built-in.o
 .text.setup_reloc
                0x0000000017805c80       0x3c common/built-in.o
 .text.reloc_fdt
                0x0000000017805cbc       0x44 common/built-in.o
 .text.reserve_board
                0x0000000017805d00       0x40 common/built-in.o
 .text.reserve_arch
                0x0000000017805d40        0x8 common/built-in.o
                0x0000000017805d40                reserve_arch
 .text.display_text_info
                0x0000000017805d48        0x8 common/built-in.o
 .text.reserve_trace
                0x0000000017805d50        0x8 common/built-in.o
 .text.coloured_LED_init
                0x0000000017805d58        0x4 common/built-in.o
                0x0000000017805d58                coloured_LED_init
 .text.red_led_on
                0x0000000017805d5c        0x4 common/built-in.o
                0x0000000017805d5c                red_led_on
 .text.board_add_ram_info
                0x0000000017805d60        0x4 common/built-in.o
                0x0000000017805d60                board_add_ram_info
 .text.show_dram_config
                0x0000000017805d64       0x38 common/built-in.o
 .text.dram_init_banksize
                0x0000000017805d9c       0x20 common/built-in.o
                0x0000000017805d9c                dram_init_banksize
 .text.setup_dram_config
                0x0000000017805dbc       0x10 common/built-in.o
 .text.board_get_usable_ram_top
                0x0000000017805dcc       0x14 common/built-in.o
                0x0000000017805dcc                board_get_usable_ram_top
 .text.setup_dest_addr
                0x0000000017805de0       0x3c common/built-in.o
 .text.reserve_stacks
                0x0000000017805e1c       0x1c common/built-in.o
 .text.board_init_f
                0x0000000017805e38       0x28 common/built-in.o
                0x0000000017805e38                board_init_f
 .text.bootstage_relocate
                0x0000000017805e60        0x8 common/built-in.o
 .text.initr_reloc_global_data
                0x0000000017805e68       0x28 common/built-in.o
 .text.initr_announce
                0x0000000017805e90        0x8 common/built-in.o
 .text.run_main_loop
                0x0000000017805e98        0xc common/built-in.o
 .text.initr_net
                0x0000000017805ea4       0x1c common/built-in.o
 .text.initr_ethaddr
                0x0000000017805ec0       0x20 common/built-in.o
 .text.initr_enable_interrupts
                0x0000000017805ee0       0x10 common/built-in.o
 .text.initr_jumptable
                0x0000000017805ef0       0x10 common/built-in.o
 .text.initr_pci
                0x0000000017805f00       0x10 common/built-in.o
 .text.initr_env
                0x0000000017805f10       0x30 common/built-in.o
 .text.initr_mmc
                0x0000000017805f40       0x20 common/built-in.o
 .text.initr_serial
                0x0000000017805f60       0x10 common/built-in.o
 .text.initr_dm
                0x0000000017805f70       0x14 common/built-in.o
 .text.initr_malloc
                0x0000000017805f84       0x24 common/built-in.o
 .text.initr_caches
                0x0000000017805fa8       0x10 common/built-in.o
 .text.initr_reloc
                0x0000000017805fb8       0x24 common/built-in.o
 .text.initr_barrier
                0x0000000017805fdc        0x8 common/built-in.o
 .text.initr_trace
                0x0000000017805fe4        0x8 common/built-in.o
 .text.cpu_secondary_init_r
                0x0000000017805fec        0x4 common/built-in.o
                0x0000000017805fec                cpu_secondary_init_r
 .text.initr_secondary_cpu
                0x0000000017805ff0       0x10 common/built-in.o
 .text.board_init_r
                0x0000000017806000       0x14 common/built-in.o
                0x0000000017806000                board_init_r
 .text.show_board_info
                0x0000000017806014        0x4 common/built-in.o
                0x0000000017806014                show_board_info
 .text.do_go_exec
                0x0000000017806018       0x10 common/built-in.o
                0x0000000017806018                do_go_exec
 .text.do_go    0x0000000017806028       0x6c common/built-in.o
 .text.do_bootm
                0x0000000017806094      0x10c common/built-in.o
                0x0000000017806094                do_bootm
 .text.do_bootd
                0x00000000178061a0       0x20 common/built-in.o
                0x00000000178061a0                do_bootd
 .text.image_info
                0x00000000178061c0       0xcc common/built-in.o
 .text.do_iminfo
                0x000000001780628c       0x5c common/built-in.o
 .text.bootm_maybe_autostart
                0x00000000178062e8       0x78 common/built-in.o
                0x00000000178062e8                bootm_maybe_autostart
 .text.do_bootz
                0x0000000017806360       0xf8 common/built-in.o
                0x0000000017806360                do_bootz
 .text.bootm_find_images
                0x0000000017806458       0xa8 common/built-in.o
                0x0000000017806458                bootm_find_images
 .text.bootm_decomp_image
                0x0000000017806500      0x14c common/built-in.o
                0x0000000017806500                bootm_decomp_image
 .text.bootm_disable_interrupts
                0x000000001780664c       0x18 common/built-in.o
                0x000000001780664c                bootm_disable_interrupts
 .text.do_bootm_states
                0x0000000017806664      0x7e4 common/built-in.o
                0x0000000017806664                do_bootm_states
 .text.copy_args
                0x0000000017806e48       0x50 common/built-in.o
 .text.do_bootm_rtems
                0x0000000017806e98       0x40 common/built-in.o
 .text.do_bootm_plan9
                0x0000000017806ed8       0xa4 common/built-in.o
 .text.do_bootm_standalone
                0x0000000017806f7c       0x64 common/built-in.o
 .text.do_bootm_netbsd
                0x0000000017806fe0       0xf8 common/built-in.o
 .text.do_bootvx_fdt
                0x00000000178070d8      0x10c common/built-in.o
                0x00000000178070d8                do_bootvx_fdt
 .text.do_bootm_vxworks
                0x00000000178071e4       0x24 common/built-in.o
 .text.boot_selected_os
                0x0000000017807208       0x58 common/built-in.o
                0x0000000017807208                boot_selected_os
 .text.bootm_os_get_boot_func
                0x0000000017807260       0x10 common/built-in.o
                0x0000000017807260                bootm_os_get_boot_func
 .text.do_help  0x0000000017807270       0x44 common/built-in.o
 .text.do_version
                0x00000000178072b4       0x38 common/built-in.o
 .text.regex_callback
                0x00000000178072ec      0x134 common/built-in.o
 .text.env_attr_walk
                0x0000000017807420      0x128 common/built-in.o
                0x0000000017807420                env_attr_walk
 .text.env_attr_lookup
                0x0000000017807548       0x84 common/built-in.o
                0x0000000017807548                env_attr_lookup
 .text.clear_callback
                0x00000000178075cc       0x10 common/built-in.o
 .text.find_env_callback
                0x00000000178075dc       0x64 common/built-in.o
 .text.on_callbacks
                0x0000000017807640       0x50 common/built-in.o
 .text.set_callback
                0x0000000017807690       0x94 common/built-in.o
 .text.env_callback_init
                0x0000000017807724       0xc4 common/built-in.o
                0x0000000017807724                env_callback_init
 .text.skip_num
                0x00000000178077e8       0x78 common/built-in.o
 .text.clear_flags
                0x0000000017807860       0x10 common/built-in.o
 .text.on_flags
                0x0000000017807870       0x50 common/built-in.o
 .text.env_flags_parse_vartype
                0x00000000178078c0       0x50 common/built-in.o
                0x00000000178078c0                env_flags_parse_vartype
 .text.env_flags_parse_varaccess
                0x0000000017807910       0x58 common/built-in.o
                0x0000000017807910                env_flags_parse_varaccess
 .text.set_flags
                0x0000000017807968       0xac common/built-in.o
 .text.eth_validate_ethaddr_str
                0x0000000017807a14       0x94 common/built-in.o
                0x0000000017807a14                eth_validate_ethaddr_str
 .text.env_flags_init
                0x0000000017807aa8       0xd8 common/built-in.o
                0x0000000017807aa8                env_flags_init
 .text.env_flags_validate
                0x0000000017807b80      0x2b8 common/built-in.o
                0x0000000017807b80                env_flags_validate
 .text.mmc_get_env_addr
                0x0000000017807e38       0x10 common/built-in.o
                0x0000000017807e38                mmc_get_env_addr
 .text.env_init
                0x0000000017807e48       0x1c common/built-in.o
                0x0000000017807e48                env_init
 .text.saveenv  0x0000000017807e64      0x118 common/built-in.o
                0x0000000017807e64                saveenv
 .text.env_relocate_spec
                0x0000000017807f7c       0xe0 common/built-in.o
                0x0000000017807f7c                env_relocate_spec
 .text.source   0x000000001780805c       0xd8 common/built-in.o
                0x000000001780805c                source
 .text.do_source
                0x0000000017808134       0x44 common/built-in.o
 .text.print_num
                0x0000000017808178       0x14 common/built-in.o
 .text.do_bdinfo
                0x000000001780818c      0x190 common/built-in.o
 .text.parse_argv
                0x000000001780831c       0x64 common/built-in.o
 .text.do_icache
                0x0000000017808380       0x88 common/built-in.o
 .text.do_dcache
                0x0000000017808408       0x88 common/built-in.o
 .text.do_coninfo
                0x0000000017808490       0xc0 common/built-in.o
 .text.do_echo  0x0000000017808550       0xb0 common/built-in.o
 .text.do_exit  0x0000000017808600       0x3c common/built-in.o
 .text.do_ext4_size
                0x000000001780863c       0x18 common/built-in.o
                0x000000001780863c                do_ext4_size
 .text.do_ext4_load
                0x0000000017808654       0x18 common/built-in.o
                0x0000000017808654                do_ext4_load
 .text.do_ext4_ls
                0x000000001780866c       0x18 common/built-in.o
                0x000000001780866c                do_ext4_ls
 .text.do_ext4_write
                0x0000000017808684       0x18 common/built-in.o
                0x0000000017808684                do_ext4_write
 .text.do_ext2load
                0x000000001780869c       0x18 common/built-in.o
                0x000000001780869c                do_ext2load
 .text.do_ext2ls
                0x00000000178086b4       0x18 common/built-in.o
 .text.do_fat_size
                0x00000000178086cc       0x18 common/built-in.o
                0x00000000178086cc                do_fat_size
 .text.do_fat_fsload
                0x00000000178086e4       0x18 common/built-in.o
                0x00000000178086e4                do_fat_fsload
 .text.do_fat_ls
                0x00000000178086fc       0x18 common/built-in.o
 .text.do_fat_fsinfo
                0x0000000017808714       0x90 common/built-in.o
 .text.fdt_valid
                0x00000000178087a4       0xbc common/built-in.o
 .text.is_printable_string
                0x0000000017808860       0x9c common/built-in.o
 .text.print_data
                0x00000000178088fc      0x174 common/built-in.o
 .text.set_working_fdt_addr
                0x0000000017808a70       0x1c common/built-in.o
                0x0000000017808a70                set_working_fdt_addr
 .text.do_fdt   0x0000000017808a8c      0xe48 common/built-in.o
 .text.fdt_find_and_setprop
                0x00000000178098d4       0x70 common/built-in.o
                0x00000000178098d4                fdt_find_and_setprop
 .text.fdt_find_or_add_subnode
                0x0000000017809944       0x60 common/built-in.o
                0x0000000017809944                fdt_find_or_add_subnode
 .text.fdt_root
                0x00000000178099a4       0x90 common/built-in.o
                0x00000000178099a4                fdt_root
 .text.fdt_initrd
                0x0000000017809a34      0x1cc common/built-in.o
                0x0000000017809a34                fdt_initrd
 .text.fdt_chosen
                0x0000000017809c00       0xa8 common/built-in.o
                0x0000000017809c00                fdt_chosen
 .text.do_fixup_by_path
                0x0000000017809ca8       0x54 common/built-in.o
                0x0000000017809ca8                do_fixup_by_path
 .text.fdt_fixup_memory_banks
                0x0000000017809cfc      0x1b0 common/built-in.o
                0x0000000017809cfc                fdt_fixup_memory_banks
 .text.fdt_fixup_memory
                0x0000000017809eac       0x20 common/built-in.o
                0x0000000017809eac                fdt_fixup_memory
 .text.fdt_fixup_ethernet
                0x0000000017809ecc      0x15c common/built-in.o
                0x0000000017809ecc                fdt_fixup_ethernet
 .text.fdt_shrink_to_minimum
                0x000000001780a028       0xcc common/built-in.o
                0x000000001780a028                fdt_shrink_to_minimum
 .text.do_size_wrapper
                0x000000001780a0f4       0x18 common/built-in.o
 .text.do_load_wrapper
                0x000000001780a10c       0x18 common/built-in.o
 .text.do_save_wrapper
                0x000000001780a124       0x18 common/built-in.o
 .text.do_ls_wrapper
                0x000000001780a13c       0x18 common/built-in.o
 .text.do_fstype_wrapper
                0x000000001780a154        0x4 common/built-in.o
 .text.strtou32
                0x000000001780a158       0x44 common/built-in.o
 .text.do_fuse  0x000000001780a19c      0x360 common/built-in.o
 .text.name_to_gpio
                0x000000001780a4fc        0xc common/built-in.o
                0x000000001780a4fc                name_to_gpio
 .text.do_gpio  0x000000001780a508      0x150 common/built-in.o
 .text.do_i2c   0x000000001780a658       0x68 common/built-in.o
 .text.do_i2c_reset
                0x000000001780a6c0       0x2c common/built-in.o
 .text.do_i2c_probe
                0x000000001780a6ec       0x9c common/built-in.o
 .text.do_i2c_bus_speed
                0x000000001780a788       0x74 common/built-in.o
 .text.do_i2c_show_bus
                0x000000001780a7fc       0xd0 common/built-in.o
 .text.do_i2c_bus_num
                0x000000001780a8cc       0xb4 common/built-in.o
 .text.get_alen.constprop.7
                0x000000001780a980       0x3c common/built-in.o
 .text.do_i2c_crc
                0x000000001780a9bc      0x120 common/built-in.o
 .text.mod_i2c_mem.isra.4
                0x000000001780aadc      0x1f0 common/built-in.o
 .text.do_i2c_nm
                0x000000001780accc        0x8 common/built-in.o
 .text.do_i2c_mm
                0x000000001780acd4        0x8 common/built-in.o
 .text.do_i2c_md
                0x000000001780acdc      0x1e4 common/built-in.o
 .text.do_i2c_read
                0x000000001780aec0       0xbc common/built-in.o
 .text.do_i2c_mw
                0x000000001780af7c       0xfc common/built-in.o
 .text.do_i2c_write
                0x000000001780b078      0x14c common/built-in.o
 .text.do_i2c_loop
                0x000000001780b1c4       0xe4 common/built-in.o
 .text.i2c_init_board
                0x000000001780b2a8        0x4 common/built-in.o
                0x000000001780b2a8                i2c_init_board
 .text.evalexp  0x000000001780b2ac       0x74 common/built-in.o
 .text.evalstr  0x000000001780b320       0x6c common/built-in.o
 .text.binary_test
                0x000000001780b38c      0x1c0 common/built-in.o
 .text.do_itest
                0x000000001780b54c       0x88 common/built-in.o
 .text.bin_data_init
                0x000000001780b5d4       0x2c common/built-in.o
 .text.k_data_save
                0x000000001780b600       0x4c common/built-in.o
 .text.k_data_restore
                0x000000001780b64c       0x4c common/built-in.o
 .text.getcxmodem
                0x000000001780b698       0x20 common/built-in.o
 .text.load_serial_ymodem
                0x000000001780b6b8       0xcc common/built-in.o
 .text.bin_data_char
                0x000000001780b784       0x2c common/built-in.o
 .text.chk1.constprop.1
                0x000000001780b7b0       0x2c common/built-in.o
 .text.s1_sendpacket.constprop.2
                0x000000001780b7dc       0x50 common/built-in.o
 .text.load_serial
                0x000000001780b82c      0x1f0 common/built-in.o
 .text.do_load_serial
                0x000000001780ba1c       0xdc common/built-in.o
 .text.do_load_serial_bin
                0x000000001780baf8      0x7a4 common/built-in.o
 .text.do_mem_mw
                0x000000001780c29c       0xc0 common/built-in.o
 .text.do_mem_loop
                0x000000001780c35c       0xec common/built-in.o
 .text.do_mem_md
                0x000000001780c448       0xe4 common/built-in.o
 .text.do_mem_cmp
                0x000000001780c52c      0x168 common/built-in.o
 .text.do_mem_base
                0x000000001780c694       0x40 common/built-in.o
 .text.do_mem_cp
                0x000000001780c6d4       0xd8 common/built-in.o
 .text.do_mem_crc
                0x000000001780c7ac       0x48 common/built-in.o
 .text.mod_mem.isra.0
                0x000000001780c7f4      0x16c common/built-in.o
 .text.do_mem_mm
                0x000000001780c960        0x8 common/built-in.o
 .text.do_mem_nm
                0x000000001780c968        0x8 common/built-in.o
 .text.miiphy_get_dev_by_name
                0x000000001780c970       0x60 common/built-in.o
                0x000000001780c970                miiphy_get_dev_by_name
 .text.miiphy_init
                0x000000001780c9d0       0x24 common/built-in.o
                0x000000001780c9d0                miiphy_init
 .text.mdio_alloc
                0x000000001780c9f4       0x30 common/built-in.o
                0x000000001780c9f4                mdio_alloc
 .text.mdio_register
                0x000000001780ca24       0x98 common/built-in.o
                0x000000001780ca24                mdio_register
 .text.mdio_list_devices
                0x000000001780cabc       0x98 common/built-in.o
                0x000000001780cabc                mdio_list_devices
 .text.miiphy_set_current_dev
                0x000000001780cb54       0x40 common/built-in.o
                0x000000001780cb54                miiphy_set_current_dev
 .text.miiphy_get_active_dev
                0x000000001780cb94       0x54 common/built-in.o
 .text.mdio_get_current_dev
                0x000000001780cbe8       0x10 common/built-in.o
                0x000000001780cbe8                mdio_get_current_dev
 .text.mdio_phydev_for_ethname
                0x000000001780cbf8       0x88 common/built-in.o
                0x000000001780cbf8                mdio_phydev_for_ethname
 .text.miiphy_get_current_dev
                0x000000001780cc80       0x18 common/built-in.o
                0x000000001780cc80                miiphy_get_current_dev
 .text.miiphy_read
                0x000000001780cc98       0x4c common/built-in.o
                0x000000001780cc98                miiphy_read
 .text.miiphy_write
                0x000000001780cce4       0x40 common/built-in.o
                0x000000001780cce4                miiphy_write
 .text.miiphy_listdev
                0x000000001780cd24       0x74 common/built-in.o
                0x000000001780cd24                miiphy_listdev
 .text.miiphy_info
                0x000000001780cd98       0x88 common/built-in.o
                0x000000001780cd98                miiphy_info
 .text.miiphy_speed
                0x000000001780ce20       0x94 common/built-in.o
                0x000000001780ce20                miiphy_speed
 .text.miiphy_duplex
                0x000000001780ceb4       0x94 common/built-in.o
                0x000000001780ceb4                miiphy_duplex
 .text.miiphy_is_1000base_x
                0x000000001780cf48        0x8 common/built-in.o
                0x000000001780cf48                miiphy_is_1000base_x
 .text.extract_range
                0x000000001780cf50       0xe4 common/built-in.o
 .text.do_mii   0x000000001780d034      0x8d4 common/built-in.o
 .text.do_mdio  0x000000001780d908      0x4ec common/built-in.o
 .text.do_sleep
                0x000000001780ddf4       0x70 common/built-in.o
 .text.do_mmcops
                0x000000001780de64       0xb8 common/built-in.o
 .text.init_mmc_device
                0x000000001780df1c       0x54 common/built-in.o
 .text.do_mmc_rescan
                0x000000001780df70       0x24 common/built-in.o
 .text.do_mmc_rst_func
                0x000000001780df94       0xa0 common/built-in.o
 .text.do_mmc_partconf
                0x000000001780e034       0xb4 common/built-in.o
 .text.do_mmc_boot_resize
                0x000000001780e0e8       0xcc common/built-in.o
 .text.do_mmc_bootbus
                0x000000001780e1b4       0xb4 common/built-in.o
 .text.do_mmc_hwpartition
                0x000000001780e268      0x510 common/built-in.o
 .text.do_mmc_list
                0x000000001780e778       0x14 common/built-in.o
 .text.do_mmc_dev
                0x000000001780e78c      0x134 common/built-in.o
 .text.do_mmc_part
                0x000000001780e8c0       0x5c common/built-in.o
 .text.do_mmc_erase
                0x000000001780e91c       0xe8 common/built-in.o
 .text.do_mmc_write
                0x000000001780ea04      0x100 common/built-in.o
 .text.do_mmc_read
                0x000000001780eb04       0xec common/built-in.o
 .text.do_mmcinfo
                0x000000001780ebf0      0x370 common/built-in.o
 .text.do_mmc_setdsr
                0x000000001780ef60       0xb0 common/built-in.o
 .text.cpu_cmd  0x000000001780f010      0x160 common/built-in.o
 .text.netboot_common
                0x000000001780f170      0x294 common/built-in.o
 .text.do_bootp
                0x000000001780f404        0xc common/built-in.o
 .text.do_dhcp  0x000000001780f410        0xc common/built-in.o
 .text.do_nfs   0x000000001780f41c        0xc common/built-in.o
 .text.do_tftpb
                0x000000001780f428       0x40 common/built-in.o
                0x000000001780f428                do_tftpb
 .text.do_ping  0x000000001780f468       0x78 common/built-in.o
 .text.pci_cfg_write
                0x000000001780f4e0       0x3c common/built-in.o
 .text.pci_cfg_modify.isra.0
                0x000000001780f51c      0x138 common/built-in.o
 .text.pci_header_show_brief
                0x000000001780f654       0x80 common/built-in.o
                0x000000001780f654                pci_header_show_brief
 .text.pci_header_show
                0x000000001780f6d4      0x8f0 common/built-in.o
                0x000000001780f6d4                pci_header_show
 .text.pciinfo  0x000000001780ffc4      0x150 common/built-in.o
                0x000000001780ffc4                pciinfo
 .text.do_pci   0x0000000017810114      0x3bc common/built-in.o
 .text.bytes_per_second
                0x00000000178104d0       0x50 common/built-in.o
 .text.do_spi_flash
                0x0000000017810520      0x85c common/built-in.o
 .text.substitute
                0x0000000017810d7c       0xf0 common/built-in.o
 .text.get_arg  0x0000000017810e6c       0x58 common/built-in.o
 .text.regex_sub
                0x0000000017810ec4      0x450 common/built-in.o
 .text.do_setexpr
                0x0000000017811314      0x1a0 common/built-in.o
 .text.do_false
                0x00000000178114b4        0x8 common/built-in.o
 .text.do_true  0x00000000178114bc        0x8 common/built-in.o
 .text.do_test  0x00000000178114c4      0x338 common/built-in.o
 .text.usb_get_class_desc
                0x00000000178117fc       0xbc common/built-in.o
 .text.usb_display_class_sub
                0x00000000178118b8      0x170 common/built-in.o
 .text.usb_find_device
                0x0000000017811a28       0x3c common/built-in.o
 .text.usb_show_tree_graph
                0x0000000017811a64      0x228 common/built-in.o
 .text.usb_display_string
                0x0000000017811c8c       0x44 common/built-in.o
 .text.usb_display_config
                0x0000000017811cd0      0x20c common/built-in.o
 .text.do_usbboot
                0x0000000017811edc        0xc common/built-in.o
 .text.do_usb_start
                0x0000000017811ee8       0x38 common/built-in.o
 .text.usb_display_desc.part.2
                0x0000000017811f20      0x12c common/built-in.o
 .text.do_usb   0x000000001781204c      0x78c common/built-in.o
 .text.usb_set_maxpacket_ep
                0x00000000178127d8       0x70 common/built-in.o
 .text.usb_stop
                0x0000000017812848       0x64 common/built-in.o
                0x0000000017812848                usb_stop
 .text.usb_disable_asynch
                0x00000000178128ac       0x20 common/built-in.o
                0x00000000178128ac                usb_disable_asynch
 .text.usb_control_msg
                0x00000000178128cc       0xc0 common/built-in.o
                0x00000000178128cc                usb_control_msg
 .text.usb_get_descriptor
                0x000000001781298c       0x58 common/built-in.o
 .text.get_descriptor_len
                0x00000000178129e4       0x90 common/built-in.o
 .text.usb_get_string
                0x0000000017812a74       0x70 common/built-in.o
 .text.usb_string_sub
                0x0000000017812ae4      0x108 common/built-in.o
 .text.usb_bulk_msg
                0x0000000017812bec       0x70 common/built-in.o
                0x0000000017812bec                usb_bulk_msg
 .text.usb_maxpacket
                0x0000000017812c5c       0x1c common/built-in.o
                0x0000000017812c5c                usb_maxpacket
 .text.usb_clear_halt
                0x0000000017812c78       0x90 common/built-in.o
                0x0000000017812c78                usb_clear_halt
 .text.usb_get_configuration_no
                0x0000000017812d08       0xbc common/built-in.o
                0x0000000017812d08                usb_get_configuration_no
 .text.usb_set_interface
                0x0000000017812dc4       0xb4 common/built-in.o
                0x0000000017812dc4                usb_set_interface
 .text.usb_string
                0x0000000017812e78      0x100 common/built-in.o
                0x0000000017812e78                usb_string
 .text.usb_get_dev_index
                0x0000000017812f78       0x24 common/built-in.o
                0x0000000017812f78                usb_get_dev_index
 .text.usb_alloc_new_device
                0x0000000017812f9c       0x9c common/built-in.o
                0x0000000017812f9c                usb_alloc_new_device
 .text.usb_free_device
                0x0000000017813038       0x48 common/built-in.o
                0x0000000017813038                usb_free_device
 .text.usb_alloc_device
                0x0000000017813080        0x8 common/built-in.o
                0x0000000017813080                usb_alloc_device
 .text.usb_select_config
                0x0000000017813088      0x418 common/built-in.o
                0x0000000017813088                usb_select_config
 .text.usb_setup_device
                0x00000000178134a0      0x19c common/built-in.o
                0x00000000178134a0                usb_setup_device
 .text.usb_new_device
                0x000000001781363c       0x34 common/built-in.o
                0x000000001781363c                usb_new_device
 .text.usb_init
                0x0000000017813670      0x148 common/built-in.o
                0x0000000017813670                usb_init
 .text.board_usb_init
                0x00000000178137b8        0x8 common/built-in.o
                0x00000000178137b8                board_usb_init
 .text.board_usb_cleanup
                0x00000000178137c0        0x8 common/built-in.o
                0x00000000178137c0                board_usb_cleanup
 .text.usb_device_has_child_on_port
                0x00000000178137c8       0x14 common/built-in.o
                0x00000000178137c8                usb_device_has_child_on_port
 .text.usb_set_port_feature
                0x00000000178137dc       0x4c common/built-in.o
 .text.usb_clear_port_feature
                0x0000000017813828       0x4c common/built-in.o
 .text.usb_get_hub_descriptor
                0x0000000017813874       0x4c common/built-in.o
 .text.usb_hub_power_on
                0x00000000178138c0       0x6c common/built-in.o
 .text.usb_hub_reset_devices
                0x000000001781392c        0x4 common/built-in.o
                0x000000001781392c                usb_hub_reset_devices
 .text.usb_get_port_status
                0x0000000017813930       0x4c common/built-in.o
                0x0000000017813930                usb_get_port_status
 .text.usb_hub_reset
                0x000000001781397c       0x14 common/built-in.o
                0x000000001781397c                usb_hub_reset
 .text.legacy_hub_port_reset
                0x0000000017813990       0xa0 common/built-in.o
                0x0000000017813990                legacy_hub_port_reset
 .text.usb_hub_port_connect_change
                0x0000000017813a30      0x16c common/built-in.o
                0x0000000017813a30                usb_hub_port_connect_change
 .text.usb_hub_configure
                0x0000000017813b9c      0x2c8 common/built-in.o
 .text.usb_hub_probe
                0x0000000017813e64       0x58 common/built-in.o
                0x0000000017813e64                usb_hub_probe
 .text.usb_stor_irq
                0x0000000017813ebc       0x1c common/built-in.o
 .text.usb_stor_BBB_reset
                0x0000000017813ed8       0xd0 common/built-in.o
 .text.usb_stor_CB_reset
                0x0000000017813fa8       0xd0 common/built-in.o
 .text.usb_stor_BBB_clear_endpt_stall.isra.2
                0x0000000017814078       0x40 common/built-in.o
 .text.usb_stor_BBB_transport
                0x00000000178140b8      0x25c common/built-in.o
 .text.usb_stor_CB_comdat
                0x0000000017814314      0x204 common/built-in.o
 .text.usb_stor_CBI_get_status.isra.4
                0x0000000017814518       0xc8 common/built-in.o
 .text.usb_stor_CB_transport
                0x00000000178145e0      0x228 common/built-in.o
 .text.usb_request_sense.constprop.10
                0x0000000017814808       0x70 common/built-in.o
 .text.usb_stor_write
                0x0000000017814878      0x188 common/built-in.o
                0x0000000017814878                usb_stor_write
 .text.usb_stor_read
                0x0000000017814a00      0x188 common/built-in.o
                0x0000000017814a00                usb_stor_read
 .text.usb_stor_get_dev
                0x0000000017814b88       0x28 common/built-in.o
                0x0000000017814b88                usb_stor_get_dev
 .text.usb_stor_info
                0x0000000017814bb0       0x74 common/built-in.o
                0x0000000017814bb0                usb_stor_info
 .text.usb_storage_probe
                0x0000000017814c24      0x204 common/built-in.o
                0x0000000017814c24                usb_storage_probe
 .text.usb_stor_get_info
                0x0000000017814e28      0x31c common/built-in.o
                0x0000000017814e28                usb_stor_get_info
 .text.usb_stor_scan
                0x0000000017815144      0x1f8 common/built-in.o
                0x0000000017815144                usb_stor_scan
 .text.do_fastboot
                0x000000001781533c       0xd8 common/built-in.o
 .text.ums_read_sector
                0x0000000017815414       0x24 common/built-in.o
 .text.ums_write_sector
                0x0000000017815438       0x24 common/built-in.o
 .text.ums_init
                0x000000001781545c       0x60 common/built-in.o
                0x000000001781545c                ums_init
 .text.do_usb_mass_storage
                0x00000000178154bc      0x1a8 common/built-in.o
                0x00000000178154bc                do_usb_mass_storage
 .text.do_imgextract
                0x0000000017815664      0x28c common/built-in.o
 .text.splash_screen_prepare
                0x00000000178158f0        0x8 common/built-in.o
                0x00000000178158f0                splash_screen_prepare
 .text.splash_get_pos
                0x00000000178158f8       0x88 common/built-in.o
                0x00000000178158f8                splash_get_pos
 .text.do_dfu   0x0000000017815980      0x118 common/built-in.o
 .text.do_env_delete
                0x0000000017815a98       0x9c common/built-in.o
 .text.do_env_exists
                0x0000000017815b34       0x64 common/built-in.o
 .text.do_env_save
                0x0000000017815b98       0x2c common/built-in.o
 .text.do_env   0x0000000017815bc4       0x68 common/built-in.o
 .text.env_print
                0x0000000017815c2c       0xc0 common/built-in.o
 .text.do_env_print
                0x0000000017815cec       0xc4 common/built-in.o
 .text.do_env_import
                0x0000000017815db0      0x284 common/built-in.o
 .text.do_env_default
                0x0000000017816034       0xa8 common/built-in.o
 .text._do_env_set.isra.0
                0x00000000178160dc      0x1bc common/built-in.o
 .text.do_env_set
                0x0000000017816298       0x20 common/built-in.o
 .text.get_env_id
                0x00000000178162b8       0x10 common/built-in.o
                0x00000000178162b8                get_env_id
 .text.setenv   0x00000000178162c8       0x60 common/built-in.o
                0x00000000178162c8                setenv
 .text.setenv_ulong
                0x0000000017816328       0x20 common/built-in.o
                0x0000000017816328                setenv_ulong
 .text.setenv_hex
                0x0000000017816348       0x34 common/built-in.o
                0x0000000017816348                setenv_hex
 .text.do_env_export
                0x000000001781637c      0x258 common/built-in.o
 .text.envmatch
                0x00000000178165d4       0x6c common/built-in.o
                0x00000000178165d4                envmatch
 .text.getenv_f
                0x0000000017816640       0xc0 common/built-in.o
                0x0000000017816640                getenv_f
 .text.getenv   0x0000000017816700       0x78 common/built-in.o
                0x0000000017816700                getenv
 .text.getenv_hex
                0x0000000017816778       0x3c common/built-in.o
                0x0000000017816778                getenv_hex
 .text.getenv_ulong
                0x00000000178167b4       0x30 common/built-in.o
                0x00000000178167b4                getenv_ulong
 .text.do_env_edit.part.2
                0x00000000178167e4       0xa0 common/built-in.o
 .text.do_env_edit
                0x0000000017816884       0x2c common/built-in.o
 .text.env_get_char_spec
                0x00000000178168b0        0xc common/built-in.o
                0x00000000178168b0                env_get_char_spec
 .text.env_get_addr
                0x00000000178168bc       0x20 common/built-in.o
                0x00000000178168bc                env_get_addr
 .text.env_get_char_memory
                0x00000000178168dc       0x10 common/built-in.o
                0x00000000178168dc                env_get_char_memory
 .text.env_get_char
                0x00000000178168ec       0x30 common/built-in.o
                0x00000000178168ec                env_get_char
 .text.getenv_yesno
                0x000000001781691c       0x40 common/built-in.o
                0x000000001781691c                getenv_yesno
 .text.getenv_default
                0x000000001781695c       0x30 common/built-in.o
                0x000000001781695c                getenv_default
 .text.set_default_env
                0x000000001781698c       0xc0 common/built-in.o
                0x000000001781698c                set_default_env
 .text.set_default_vars
                0x0000000017816a4c       0x38 common/built-in.o
                0x0000000017816a4c                set_default_vars
 .text.env_import
                0x0000000017816a84       0xdc common/built-in.o
                0x0000000017816a84                env_import
 .text.env_export
                0x0000000017816b60       0xa0 common/built-in.o
                0x0000000017816b60                env_export
 .text.env_relocate
                0x0000000017816c00       0x2c common/built-in.o
                0x0000000017816c00                env_relocate
 .text.env_complete
                0x0000000017816c2c       0xf0 common/built-in.o
                0x0000000017816c2c                env_complete
 .text.console_setfile
                0x0000000017816d1c       0xc0 common/built-in.o
 .text.serial_printf
                0x0000000017816ddc       0x40 common/built-in.o
                0x0000000017816ddc                serial_printf
 .text.putc     0x0000000017816e1c       0x34 common/built-in.o
                0x0000000017816e1c                putc
 .text.puts     0x0000000017816e50       0x34 common/built-in.o
                0x0000000017816e50                puts
 .text.printf   0x0000000017816e84       0x40 common/built-in.o
                0x0000000017816e84                printf
 .text.fgetc    0x0000000017816ec4       0x24 common/built-in.o
                0x0000000017816ec4                fgetc
 .text.getc     0x0000000017816ee8       0x24 common/built-in.o
                0x0000000017816ee8                getc
 .text.ftstc    0x0000000017816f0c       0x24 common/built-in.o
                0x0000000017816f0c                ftstc
 .text.tstc     0x0000000017816f30       0x24 common/built-in.o
                0x0000000017816f30                tstc
 .text.vprintf  0x0000000017816f54       0x30 common/built-in.o
                0x0000000017816f54                vprintf
 .text.ctrlc    0x0000000017816f84       0x58 common/built-in.o
                0x0000000017816f84                ctrlc
 .text.confirm_yesno
                0x0000000017816fdc       0xd4 common/built-in.o
                0x0000000017816fdc                confirm_yesno
 .text.had_ctrlc
                0x00000000178170b0       0x10 common/built-in.o
                0x00000000178170b0                had_ctrlc
 .text.clear_ctrlc
                0x00000000178170c0       0x14 common/built-in.o
                0x00000000178170c0                clear_ctrlc
 .text.search_device
                0x00000000178170d4       0x28 common/built-in.o
                0x00000000178170d4                search_device
 .text.console_assign
                0x00000000178170fc       0x48 common/built-in.o
                0x00000000178170fc                console_assign
 .text.on_console
                0x0000000017817144       0xb8 common/built-in.o
 .text.console_init_f
                0x00000000178171fc       0x10 common/built-in.o
                0x00000000178171fc                console_init_f
 .text.stdio_print_current_devices
                0x000000001781720c       0xb0 common/built-in.o
                0x000000001781720c                stdio_print_current_devices
 .text.console_init_r
                0x00000000178172bc      0x194 common/built-in.o
                0x00000000178172bc                console_init_r
 .text.sbrk     0x0000000017817450       0x6c common/built-in.o
                0x0000000017817450                sbrk
 .text.mem_malloc_init
                0x00000000178174bc       0x34 common/built-in.o
                0x00000000178174bc                mem_malloc_init
 .text.malloc_trim
                0x00000000178174f0       0xcc common/built-in.o
                0x00000000178174f0                malloc_trim
 .text.free     0x00000000178175bc      0x24c common/built-in.o
                0x00000000178175bc                free
 .text.malloc   0x0000000017817808      0x638 common/built-in.o
                0x0000000017817808                malloc
 .text.calloc   0x0000000017817e40      0x144 common/built-in.o
                0x0000000017817e40                calloc
 .text.realloc  0x0000000017817f84      0x4e0 common/built-in.o
                0x0000000017817f84                realloc
 .text.memalign
                0x0000000017818464      0x10c common/built-in.o
                0x0000000017818464                memalign
 .text.initf_malloc
                0x0000000017818570       0x18 common/built-in.o
                0x0000000017818570                initf_malloc
 .text.malloc_simple
                0x0000000017818588       0x30 common/built-in.o
                0x0000000017818588                malloc_simple
 .text.on_loadaddr
                0x00000000178185b8       0x38 common/built-in.o
 .text.image_check_hcrc
                0x00000000178185f0       0x4c common/built-in.o
                0x00000000178185f0                image_check_hcrc
 .text.image_check_dcrc
                0x000000001781863c       0x38 common/built-in.o
                0x000000001781863c                image_check_dcrc
 .text.image_multi_count
                0x0000000017818674       0x1c common/built-in.o
                0x0000000017818674                image_multi_count
 .text.image_multi_getimg
                0x0000000017818690       0x80 common/built-in.o
                0x0000000017818690                image_multi_getimg
 .text.getenv_bootm_low
                0x0000000017818710       0x30 common/built-in.o
                0x0000000017818710                getenv_bootm_low
 .text.getenv_bootm_size
                0x0000000017818740       0x5c common/built-in.o
                0x0000000017818740                getenv_bootm_size
 .text.getenv_bootm_mapsize
                0x000000001781879c       0x30 common/built-in.o
                0x000000001781879c                getenv_bootm_mapsize
 .text.memmove_wd
                0x00000000178187cc        0xc common/built-in.o
                0x00000000178187cc                memmove_wd
 .text.genimg_print_size
                0x00000000178187d8       0x30 common/built-in.o
                0x00000000178187d8                genimg_print_size
 .text.get_table_entry
                0x0000000017818808       0x24 common/built-in.o
                0x0000000017818808                get_table_entry
 .text.get_table_entry_name
                0x000000001781882c       0x20 common/built-in.o
                0x000000001781882c                get_table_entry_name
 .text.genimg_get_os_name
                0x000000001781884c       0x18 common/built-in.o
                0x000000001781884c                genimg_get_os_name
 .text.genimg_get_arch_name
                0x0000000017818864       0x18 common/built-in.o
                0x0000000017818864                genimg_get_arch_name
 .text.genimg_get_type_name
                0x000000001781887c       0x18 common/built-in.o
                0x000000001781887c                genimg_get_type_name
 .text.genimg_get_comp_name
                0x0000000017818894       0x18 common/built-in.o
                0x0000000017818894                genimg_get_comp_name
 .text.image_print_contents
                0x00000000178188ac      0x178 common/built-in.o
                0x00000000178188ac                image_print_contents
 .text.genimg_get_kernel_addr_fit
                0x0000000017818a24       0x24 common/built-in.o
                0x0000000017818a24                genimg_get_kernel_addr_fit
 .text.genimg_get_format
                0x0000000017818a48       0x50 common/built-in.o
                0x0000000017818a48                genimg_get_format
 .text.genimg_get_image
                0x0000000017818a98        0x4 common/built-in.o
                0x0000000017818a98                genimg_get_image
 .text.genimg_has_config
                0x0000000017818a9c        0x8 common/built-in.o
                0x0000000017818a9c                genimg_has_config
 .text.boot_get_ramdisk
                0x0000000017818aa4      0x2a8 common/built-in.o
                0x0000000017818aa4                boot_get_ramdisk
 .text.boot_ramdisk_high
                0x0000000017818d4c      0x13c common/built-in.o
                0x0000000017818d4c                boot_ramdisk_high
 .text.boot_get_setup
                0x0000000017818e88        0x8 common/built-in.o
                0x0000000017818e88                boot_get_setup
 .text.image_setup_linux
                0x0000000017818e90       0x8c common/built-in.o
                0x0000000017818e90                image_setup_linux
 .text.android_image_get_kernel
                0x0000000017818f1c      0x164 common/built-in.o
                0x0000000017818f1c                android_image_get_kernel
 .text.android_image_check_header
                0x0000000017819080       0x14 common/built-in.o
                0x0000000017819080                android_image_check_header
 .text.android_image_get_end
                0x0000000017819094       0x4c common/built-in.o
                0x0000000017819094                android_image_get_end
 .text.android_image_get_kload
                0x00000000178190e0       0x20 common/built-in.o
                0x00000000178190e0                android_image_get_kload
 .text.android_image_get_ramdisk
                0x0000000017819100       0x7c common/built-in.o
                0x0000000017819100                android_image_get_ramdisk
 .text.fdt_error
                0x000000001781917c       0x2c common/built-in.o
 .text.boot_fdt_add_mem_rsv_regions
                0x00000000178191a8       0x88 common/built-in.o
                0x00000000178191a8                boot_fdt_add_mem_rsv_regions
 .text.boot_relocate_fdt
                0x0000000017819230      0x198 common/built-in.o
                0x0000000017819230                boot_relocate_fdt
 .text.boot_get_fdt
                0x00000000178193c8      0x2ac common/built-in.o
                0x00000000178193c8                boot_get_fdt
 .text.ft_verify_fdt
                0x0000000017819674        0x8 common/built-in.o
                0x0000000017819674                ft_verify_fdt
 .text.image_setup_libfdt
                0x000000001781967c      0x100 common/built-in.o
                0x000000001781967c                image_setup_libfdt
 .text.get_effective_memsize
                0x000000001781977c        0x8 common/built-in.o
                0x000000001781977c                get_effective_memsize
 .text.nulldev_putc
                0x0000000017819784        0x4 common/built-in.o
 .text.nulldev_puts
                0x0000000017819788        0x4 common/built-in.o
 .text.nulldev_input
                0x000000001781978c        0x8 common/built-in.o
 .text.stdio_serial_tstc
                0x0000000017819794        0x4 common/built-in.o
 .text.stdio_serial_getc
                0x0000000017819798        0x4 common/built-in.o
 .text.stdio_serial_puts
                0x000000001781979c        0x8 common/built-in.o
 .text.stdio_serial_putc
                0x00000000178197a4        0x8 common/built-in.o
 .text.stdio_get_list
                0x00000000178197ac        0xc common/built-in.o
                0x00000000178197ac                stdio_get_list
 .text.stdio_get_by_name
                0x00000000178197b8       0x5c common/built-in.o
                0x00000000178197b8                stdio_get_by_name
 .text.stdio_clone
                0x0000000017819814       0x38 common/built-in.o
                0x0000000017819814                stdio_clone
 .text.stdio_register_dev
                0x000000001781984c       0x50 common/built-in.o
                0x000000001781984c                stdio_register_dev
 .text.stdio_register
                0x000000001781989c        0x8 common/built-in.o
                0x000000001781989c                stdio_register
 .text.stdio_init_tables
                0x00000000178198a4       0x1c common/built-in.o
                0x00000000178198a4                stdio_init_tables
 .text.stdio_add_devices
                0x00000000178198c0       0xd4 common/built-in.o
                0x00000000178198c0                stdio_add_devices
 .text.run_command
                0x0000000017819994       0x10 common/built-in.o
                0x0000000017819994                run_command
 .text.run_command_list
                0x00000000178199a4       0x5c common/built-in.o
                0x00000000178199a4                run_command_list
 .text.do_run   0x0000000017819a00       0x78 common/built-in.o
                0x0000000017819a00                do_run
 .text.cli_loop
                0x0000000017819a78        0xc common/built-in.o
                0x0000000017819a78                cli_loop
 .text.cli_init
                0x0000000017819a84        0x4 common/built-in.o
                0x0000000017819a84                cli_init
 .text.delete_char.part.0
                0x0000000017819a88       0xd0 common/built-in.o
 .text.cread_add_char
                0x0000000017819b58       0xe8 common/built-in.o
 .text.cli_readline_into_buffer
                0x0000000017819c40      0x9c0 common/built-in.o
                0x0000000017819c40                cli_readline_into_buffer
 .text.cli_readline
                0x000000001781a600       0x14 common/built-in.o
                0x000000001781a600                cli_readline
 .text.find_cmd_tbl
                0x000000001781a614       0xa4 common/built-in.o
                0x000000001781a614                find_cmd_tbl
 .text.find_cmd
                0x000000001781a6b8       0x28 common/built-in.o
                0x000000001781a6b8                find_cmd
 .text.cmd_usage
                0x000000001781a6e0       0x5c common/built-in.o
                0x000000001781a6e0                cmd_usage
 .text._do_help
                0x000000001781a73c      0x178 common/built-in.o
                0x000000001781a73c                _do_help
 .text.var_complete
                0x000000001781a8b4       0x84 common/built-in.o
                0x000000001781a8b4                var_complete
 .text.cmd_auto_complete
                0x000000001781a938      0x4b4 common/built-in.o
                0x000000001781a938                cmd_auto_complete
 .text.cmd_get_data_size
                0x000000001781adec       0x5c common/built-in.o
                0x000000001781adec                cmd_get_data_size
 .text.cmd_process
                0x000000001781ae48       0xec common/built-in.o
                0x000000001781ae48                cmd_process
 .text.cmd_process_error
                0x000000001781af34       0x30 common/built-in.o
                0x000000001781af34                cmd_process_error
 .text.hex1_bin
                0x000000001781af64       0x40 common/built-in.o
 .text.hex2_bin
                0x000000001781afa4       0x38 common/built-in.o
 .text.srec_decode
                0x000000001781afdc      0x254 common/built-in.o
                0x000000001781afdc                srec_decode
 .text.CYGACC_COMM_IF_GETC_TIMEOUT.isra.0
                0x000000001781b230       0x5c common/built-in.o
 .text.xyzModem_flush
                0x000000001781b28c       0x1c common/built-in.o
 .text.xyzModem_get_hdr
                0x000000001781b2a8      0x230 common/built-in.o
 .text.xyzModem_stream_open
                0x000000001781b4d8      0x224 common/built-in.o
                0x000000001781b4d8                xyzModem_stream_open
 .text.xyzModem_stream_read
                0x000000001781b6fc      0x254 common/built-in.o
                0x000000001781b6fc                xyzModem_stream_read
 .text.xyzModem_stream_close
                0x000000001781b950       0x54 common/built-in.o
                0x000000001781b950                xyzModem_stream_close
 .text.xyzModem_stream_terminate
                0x000000001781b9a4       0x94 common/built-in.o
                0x000000001781b9a4                xyzModem_stream_terminate
 .text.xyzModem_error
                0x000000001781ba38       0x20 common/built-in.o
                0x000000001781ba38                xyzModem_error
 .text.common_diskboot
                0x000000001781ba58      0x23c common/built-in.o
                0x000000001781ba58                common_diskboot
 .text.get_dev_hwpart
                0x000000001781bc94       0xa8 disk/built-in.o
 .text.dev_print
                0x000000001781bd3c      0x20c disk/built-in.o
                0x000000001781bd3c                dev_print
 .text.init_part
                0x000000001781bf48       0x20 disk/built-in.o
                0x000000001781bf48                init_part
 .text.print_part
                0x000000001781bf68       0xf4 disk/built-in.o
                0x000000001781bf68                print_part
 .text.get_partition_info
                0x000000001781c05c       0x2c disk/built-in.o
                0x000000001781c05c                get_partition_info
 .text.get_device
                0x000000001781c088      0x114 disk/built-in.o
                0x000000001781c088                get_device
 .text.get_device_and_partition
                0x000000001781c19c      0x440 disk/built-in.o
                0x000000001781c19c                get_device_and_partition
 .text.test_block_type
                0x000000001781c5dc       0x84 disk/built-in.o
 .text.print_partition_extended
                0x000000001781c660      0x278 disk/built-in.o
 .text.get_partition_info_extended.constprop.1
                0x000000001781c8d8      0x300 disk/built-in.o
 .text.test_part_dos
                0x000000001781cbd8       0x64 disk/built-in.o
                0x000000001781cbd8                test_part_dos
 .text.print_part_dos
                0x000000001781cc3c       0x34 disk/built-in.o
                0x000000001781cc3c                print_part_dos
 .text.get_partition_info_dos
                0x000000001781cc70       0x20 disk/built-in.o
                0x000000001781cc70                get_partition_info_dos
 .text.alloc_priv
                0x000000001781cc90       0x48 drivers/built-in.o
 .text.device_bind
                0x000000001781ccd8      0x2d8 drivers/built-in.o
                0x000000001781ccd8                device_bind
 .text.device_bind_by_name
                0x000000001781cfb0       0x60 drivers/built-in.o
                0x000000001781cfb0                device_bind_by_name
 .text.device_probe
                0x000000001781d010        0x8 drivers/built-in.o
                0x000000001781d010                device_probe
 .text.device_probe_child
                0x000000001781d018      0x250 drivers/built-in.o
                0x000000001781d018                device_probe_child
 .text.dev_get_platdata
                0x000000001781d268       0x34 drivers/built-in.o
                0x000000001781d268                dev_get_platdata
 .text.dev_get_priv
                0x000000001781d29c       0x34 drivers/built-in.o
                0x000000001781d29c                dev_get_priv
 .text.lists_driver_lookup_name
                0x000000001781d2d0       0x4c drivers/built-in.o
                0x000000001781d2d0                lists_driver_lookup_name
 .text.lists_uclass_lookup
                0x000000001781d31c       0x3c drivers/built-in.o
                0x000000001781d31c                lists_uclass_lookup
 .text.lists_bind_drivers
                0x000000001781d358       0x88 drivers/built-in.o
                0x000000001781d358                lists_bind_drivers
 .text.dm_root  0x000000001781d3e0       0x2c drivers/built-in.o
                0x000000001781d3e0                dm_root
 .text.dm_init  0x000000001781d40c       0x58 drivers/built-in.o
                0x000000001781d40c                dm_init
 .text.dm_scan_platdata
                0x000000001781d464       0x2c drivers/built-in.o
                0x000000001781d464                dm_scan_platdata
 .text.dm_scan_other
                0x000000001781d490        0x8 drivers/built-in.o
                0x000000001781d490                dm_scan_other
 .text.dm_init_and_scan
                0x000000001781d498       0x30 drivers/built-in.o
                0x000000001781d498                dm_init_and_scan
 .text.uclass_find
                0x000000001781d4c8       0x4c drivers/built-in.o
                0x000000001781d4c8                uclass_find
 .text.uclass_get
                0x000000001781d514      0x124 drivers/built-in.o
                0x000000001781d514                uclass_get
 .text.uclass_find_device
                0x000000001781d638       0x74 drivers/built-in.o
                0x000000001781d638                uclass_find_device
 .text.uclass_find_device_by_seq
                0x000000001781d6ac       0x7c drivers/built-in.o
                0x000000001781d6ac                uclass_find_device_by_seq
 .text.uclass_get_device_tail
                0x000000001781d728       0x2c drivers/built-in.o
                0x000000001781d728                uclass_get_device_tail
 .text.uclass_get_device
                0x000000001781d754       0x30 drivers/built-in.o
                0x000000001781d754                uclass_get_device
 .text.uclass_bind_device
                0x000000001781d784       0xa4 drivers/built-in.o
                0x000000001781d784                uclass_bind_device
 .text.uclass_unbind_device
                0x000000001781d828       0x4c drivers/built-in.o
                0x000000001781d828                uclass_unbind_device
 .text.uclass_resolve_seq
                0x000000001781d874       0xb0 drivers/built-in.o
                0x000000001781d874                uclass_resolve_seq
 .text.uclass_pre_probe_device
                0x000000001781d924       0x64 drivers/built-in.o
                0x000000001781d924                uclass_pre_probe_device
 .text.uclass_post_probe_device
                0x000000001781d988       0x20 drivers/built-in.o
                0x000000001781d988                uclass_post_probe_device
 .text.uclass_pre_remove_device
                0x000000001781d9a8       0x5c drivers/built-in.o
                0x000000001781d9a8                uclass_pre_remove_device
 .text.dm_warn  0x000000001781da04       0x28 drivers/built-in.o
                0x000000001781da04                dm_warn
 .text.device_free
                0x000000001781da2c       0x90 drivers/built-in.o
                0x000000001781da2c                device_free
 .text.device_remove
                0x000000001781dabc      0x114 drivers/built-in.o
                0x000000001781dabc                device_remove
 .text.device_remove_children
                0x000000001781dbd0       0x48 drivers/built-in.o
                0x000000001781dbd0                device_remove_children
 .text.show_devices
                0x000000001781dc18       0xfc drivers/built-in.o
 .text.dm_dump_all
                0x000000001781dd14       0x3c drivers/built-in.o
                0x000000001781dd14                dm_dump_all
 .text.dm_dump_uclass
                0x000000001781dd50       0xdc drivers/built-in.o
                0x000000001781dd50                dm_dump_uclass
 .text.finish_access
                0x000000001781de2c       0x2c drivers/built-in.o
 .text.set_timing
                0x000000001781de58       0xb4 drivers/built-in.o
 .text.prepare_access
                0x000000001781df0c       0x88 drivers/built-in.o
 .text.fuse_bank_physical
                0x000000001781df94       0x64 drivers/built-in.o
                0x000000001781df94                fuse_bank_physical
 .text.fuse_read
                0x000000001781dff8       0x74 drivers/built-in.o
                0x000000001781dff8                fuse_read
 .text.fuse_sense
                0x000000001781e06c       0xac drivers/built-in.o
                0x000000001781e06c                fuse_sense
 .text.fuse_prog
                0x000000001781e118       0xa8 drivers/built-in.o
                0x000000001781e118                fuse_prog
 .text.fuse_override
                0x000000001781e1c0       0x6c drivers/built-in.o
                0x000000001781e1c0                fuse_override
 .text.dfu_write_buffer_drain
                0x000000001781e22c       0xa8 drivers/built-in.o
 .text.dfu_free_buf
                0x000000001781e2d4       0x20 drivers/built-in.o
                0x000000001781e2d4                dfu_free_buf
 .text.dfu_get_buf_size
                0x000000001781e2f4       0x10 drivers/built-in.o
                0x000000001781e2f4                dfu_get_buf_size
 .text.dfu_get_buf
                0x000000001781e304       0xb8 drivers/built-in.o
                0x000000001781e304                dfu_get_buf
 .text.dfu_write_transaction_cleanup
                0x000000001781e3bc       0x44 drivers/built-in.o
                0x000000001781e3bc                dfu_write_transaction_cleanup
 .text.dfu_flush
                0x000000001781e400       0x64 drivers/built-in.o
                0x000000001781e400                dfu_flush
 .text.dfu_write
                0x000000001781e464      0x184 drivers/built-in.o
                0x000000001781e464                dfu_write
 .text.dfu_read
                0x000000001781e5e8      0x26c drivers/built-in.o
                0x000000001781e5e8                dfu_read
 .text.dfu_free_entities
                0x000000001781e854       0x9c drivers/built-in.o
                0x000000001781e854                dfu_free_entities
 .text.dfu_config_entities
                0x000000001781e8f0      0x270 drivers/built-in.o
                0x000000001781e8f0                dfu_config_entities
 .text.dfu_init_env_entities
                0x000000001781eb60       0x90 drivers/built-in.o
                0x000000001781eb60                dfu_init_env_entities
 .text.dfu_get_dev_type
                0x000000001781ebf0       0x3c drivers/built-in.o
                0x000000001781ebf0                dfu_get_dev_type
 .text.dfu_get_layout
                0x000000001781ec2c       0x3c drivers/built-in.o
                0x000000001781ec2c                dfu_get_layout
 .text.dfu_show_entities
                0x000000001781ec68       0x74 drivers/built-in.o
                0x000000001781ec68                dfu_show_entities
 .text.dfu_get_alt_number
                0x000000001781ecdc       0x10 drivers/built-in.o
                0x000000001781ecdc                dfu_get_alt_number
 .text.dfu_get_entity
                0x000000001781ecec       0x40 drivers/built-in.o
                0x000000001781ecec                dfu_get_entity
 .text.mmc_file_op
                0x000000001781ed2c      0x19c drivers/built-in.o
 .text.dfu_free_entity_mmc
                0x000000001781eec8       0x28 drivers/built-in.o
                0x000000001781eec8                dfu_free_entity_mmc
 .text.mmc_access_part.isra.0
                0x000000001781eef0       0x68 drivers/built-in.o
 .text.mmc_block_op
                0x000000001781ef58      0x1ec drivers/built-in.o
 .text.dfu_write_medium_mmc
                0x000000001781f144       0xb8 drivers/built-in.o
                0x000000001781f144                dfu_write_medium_mmc
 .text.dfu_flush_medium_mmc
                0x000000001781f1fc       0x48 drivers/built-in.o
                0x000000001781f1fc                dfu_flush_medium_mmc
 .text.dfu_get_medium_size_mmc
                0x000000001781f244       0x90 drivers/built-in.o
                0x000000001781f244                dfu_get_medium_size_mmc
 .text.dfu_read_medium_mmc
                0x000000001781f2d4       0xe4 drivers/built-in.o
                0x000000001781f2d4                dfu_read_medium_mmc
 .text.dfu_fill_entity_mmc
                0x000000001781f3b8      0x320 drivers/built-in.o
                0x000000001781f3b8                dfu_fill_entity_mmc
 .text.dfu_get_medium_size_sf
                0x000000001781f6d8        0x8 drivers/built-in.o
 .text.dfu_read_medium_sf
                0x000000001781f6e0       0x28 drivers/built-in.o
 .text.dfu_flush_medium_sf
                0x000000001781f708        0x8 drivers/built-in.o
 .text.dfu_polltimeout_sf
                0x000000001781f710        0x8 drivers/built-in.o
 .text.dfu_free_entity_sf
                0x000000001781f718        0x8 drivers/built-in.o
 .text.dfu_write_medium_sf
                0x000000001781f720       0x98 drivers/built-in.o
 .text.dfu_fill_entity_sf
                0x000000001781f7b8      0x2d8 drivers/built-in.o
                0x000000001781f7b8                dfu_fill_entity_sf
 .text.video_drawchars
                0x000000001781fa90      0x44c drivers/built-in.o
 .text.draw_bitmap
                0x000000001781fedc       0xdc drivers/built-in.o
 .text.console_newline.constprop.2
                0x000000001781ffb8       0xe0 drivers/built-in.o
 .text.video_putc
                0x0000000017820098      0x194 drivers/built-in.o
 .text.video_puts
                0x000000001782022c       0x7c drivers/built-in.o
 .text.board_cfb_skip
                0x00000000178202a8        0x8 drivers/built-in.o
                0x00000000178202a8                board_cfb_skip
 .text.video_set_lut
                0x00000000178202b0        0x4 drivers/built-in.o
                0x00000000178202b0                video_set_lut
 .text.display_rle8_bitmap
                0x00000000178202b4      0x374 drivers/built-in.o
 .text.plot_logo_or_black
                0x0000000017820628      0x284 drivers/built-in.o
 .text.do_clrlogo
                0x00000000178208ac       0x44 drivers/built-in.o
 .text.video_display_bitmap
                0x00000000178208f0      0x934 drivers/built-in.o
                0x00000000178208f0                video_display_bitmap
 .text.video_clear
                0x0000000017821224       0x54 drivers/built-in.o
                0x0000000017821224                video_clear
 .text.drv_video_init
                0x0000000017821278      0x3f0 drivers/built-in.o
                0x0000000017821278                drv_video_init
 .text.mxcfb_map_video_memory
                0x0000000017821668       0x88 drivers/built-in.o
 .text.ipuv3_fb_shutdown
                0x00000000178216f0       0x60 drivers/built-in.o
                0x00000000178216f0                ipuv3_fb_shutdown
 .text.video_hw_init
                0x0000000017821750      0x5d4 drivers/built-in.o
                0x0000000017821750                video_hw_init
 .text.ipuv3_fb_init
                0x0000000017821d24       0x2c drivers/built-in.o
                0x0000000017821d24                ipuv3_fb_init
 .text.clk_ipu_enable
                0x0000000017821d50       0x20 drivers/built-in.o
 .text.clk_ipu_disable